// Jest Snapshot v1, https://goo.gl/fbAQLP

exports[`Todo component passes snapshot 1`] = `
<div>
  <div
    class="Todo"
    id="1"
  >
    <div>
      <b>
        Code!
      </b>
       
      <small>
        (priority: 
        2
        )
      </small>
    </div>
    <div>
      <small>
        Write some code
      </small>
    </div>
  </div>
</div>
`;
